// Jest Snapshot v1, https://goo.gl/fbAQLP

exports[`Card component List Card components renders correctly 1`] = `
<BrowserRouter>
  <Router
    history={
      Object {
        "action": "POP",
        "block": [Function],
        "createHref": [Function],
        "go": [Function],
        "goBack": [Function],
        "goForward": [Function],
        "length": 1,
        "listen": [Function],
        "location": Object {
          "hash": "",
          "pathname": "/",
          "search": "",
          "state": undefined,
        },
        "push": [Function],
        "replace": [Function],
      }
    }
  >
    <Switch>
      <Route
        computedMatch={
          Object {
            "isExact": true,
            "params": Object {},
            "path": "/",
            "url": "/",
          }
        }
        location={
          Object {
            "hash": "",
            "pathname": "/",
            "search": "",
            "state": undefined,
          }
        }
      >
        <ProductCard
          date="2020-04-20"
          desc="Lorem Ipsum is simply dummy text of the printing and typesetting industry."
          id="1"
          price={99.99}
          title="Card Title"
        >
          <WithStyles(ForwardRef(Card))
            className="card"
          >
            <ForwardRef(Card)
              className="card"
              classes={
                Object {
                  "root": "MuiCard-root",
                }
              }
            >
              <WithStyles(ForwardRef(Paper))
                className="MuiCard-root card"
                elevation={1}
              >
                <ForwardRef(Paper)
                  className="MuiCard-root card"
                  classes={
                    Object {
                      "elevation0": "MuiPaper-elevation0",
                      "elevation1": "MuiPaper-elevation1",
                      "elevation10": "MuiPaper-elevation10",
                      "elevation11": "MuiPaper-elevation11",
                      "elevation12": "MuiPaper-elevation12",
                      "elevation13": "MuiPaper-elevation13",
                      "elevation14": "MuiPaper-elevation14",
                      "elevation15": "MuiPaper-elevation15",
                      "elevation16": "MuiPaper-elevation16",
                      "elevation17": "MuiPaper-elevation17",
                      "elevation18": "MuiPaper-elevation18",
                      "elevation19": "MuiPaper-elevation19",
                      "elevation2": "MuiPaper-elevation2",
                      "elevation20": "MuiPaper-elevation20",
                      "elevation21": "MuiPaper-elevation21",
                      "elevation22": "MuiPaper-elevation22",
                      "elevation23": "MuiPaper-elevation23",
                      "elevation24": "MuiPaper-elevation24",
                      "elevation3": "MuiPaper-elevation3",
                      "elevation4": "MuiPaper-elevation4",
                      "elevation5": "MuiPaper-elevation5",
                      "elevation6": "MuiPaper-elevation6",
                      "elevation7": "MuiPaper-elevation7",
                      "elevation8": "MuiPaper-elevation8",
                      "elevation9": "MuiPaper-elevation9",
                      "outlined": "MuiPaper-outlined",
                      "root": "MuiPaper-root",
                      "rounded": "MuiPaper-rounded",
                    }
                  }
                  elevation={1}
                >
                  <div
                    className="MuiPaper-root MuiCard-root card MuiPaper-elevation1 MuiPaper-rounded"
                  >
                    <div
                      className="card_link"
                    >
                      <Link
                        replace={false}
                        to="/details?id=1&mode=edit"
                      >
                        <a
                          href="/details?id=1&mode=edit"
                          onClick={[Function]}
                        >
                          Edit
                        </a>
                      </Link>
                    </div>
                    <Link
                      replace={false}
                      to="/details?id=1"
                    >
                      <a
                        href="/details?id=1"
                        onClick={[Function]}
                      >
                        <WithStyles(ForwardRef(CardActionArea))>
                          <ForwardRef(CardActionArea)
                            classes={
                              Object {
                                "focusHighlight": "MuiCardActionArea-focusHighlight",
                                "focusVisible": "Mui-focusVisible",
                                "root": "MuiCardActionArea-root",
                              }
                            }
                          >
                            <WithStyles(ForwardRef(ButtonBase))
                              className="MuiCardActionArea-root"
                              focusVisibleClassName="Mui-focusVisible"
                            >
                              <ForwardRef(ButtonBase)
                                className="MuiCardActionArea-root"
                                classes={
                                  Object {
                                    "disabled": "Mui-disabled",
                                    "focusVisible": "Mui-focusVisible",
                                    "root": "MuiButtonBase-root",
                                  }
                                }
                                focusVisibleClassName="Mui-focusVisible"
                              >
                                <button
                                  className="MuiButtonBase-root MuiCardActionArea-root"
                                  disabled={false}
                                  onBlur={[Function]}
                                  onDragLeave={[Function]}
                                  onFocus={[Function]}
                                  onKeyDown={[Function]}
                                  onKeyUp={[Function]}
                                  onMouseDown={[Function]}
                                  onMouseLeave={[Function]}
                                  onMouseUp={[Function]}
                                  onTouchEnd={[Function]}
                                  onTouchMove={[Function]}
                                  onTouchStart={[Function]}
                                  tabIndex={0}
                                  type="button"
                                >
                                  <WithStyles(ForwardRef(CardContent))>
                                    <ForwardRef(CardContent)
                                      classes={
                                        Object {
                                          "root": "MuiCardContent-root",
                                        }
                                      }
                                    >
                                      <div
                                        className="MuiCardContent-root"
                                      >
                                        <WithStyles(ForwardRef(Typography))
                                          component="h2"
                                          gutterBottom={true}
                                          variant="h4"
                                        >
                                          <ForwardRef(Typography)
                                            classes={
                                              Object {
                                                "alignCenter": "MuiTypography-alignCenter",
                                                "alignJustify": "MuiTypography-alignJustify",
                                                "alignLeft": "MuiTypography-alignLeft",
                                                "alignRight": "MuiTypography-alignRight",
                                                "body1": "MuiTypography-body1",
                                                "body2": "MuiTypography-body2",
                                                "button": "MuiTypography-button",
                                                "caption": "MuiTypography-caption",
                                                "colorError": "MuiTypography-colorError",
                                                "colorInherit": "MuiTypography-colorInherit",
                                                "colorPrimary": "MuiTypography-colorPrimary",
                                                "colorSecondary": "MuiTypography-colorSecondary",
                                                "colorTextPrimary": "MuiTypography-colorTextPrimary",
                                                "colorTextSecondary": "MuiTypography-colorTextSecondary",
                                                "displayBlock": "MuiTypography-displayBlock",
                                                "displayInline": "MuiTypography-displayInline",
                                                "gutterBottom": "MuiTypography-gutterBottom",
                                                "h1": "MuiTypography-h1",
                                                "h2": "MuiTypography-h2",
                                                "h3": "MuiTypography-h3",
                                                "h4": "MuiTypography-h4",
                                                "h5": "MuiTypography-h5",
                                                "h6": "MuiTypography-h6",
                                                "noWrap": "MuiTypography-noWrap",
                                                "overline": "MuiTypography-overline",
                                                "paragraph": "MuiTypography-paragraph",
                                                "root": "MuiTypography-root",
                                                "srOnly": "MuiTypography-srOnly",
                                                "subtitle1": "MuiTypography-subtitle1",
                                                "subtitle2": "MuiTypography-subtitle2",
                                              }
                                            }
                                            component="h2"
                                            gutterBottom={true}
                                            variant="h4"
                                          >
                                            <h2
                                              className="MuiTypography-root MuiTypography-h4 MuiTypography-gutterBottom"
                                            >
                                              Card Title
                                            </h2>
                                          </ForwardRef(Typography)>
                                        </WithStyles(ForwardRef(Typography))>
                                        <WithStyles(ForwardRef(Typography))
                                          color="textSecondary"
                                          component="p"
                                          variant="body2"
                                        >
                                          <ForwardRef(Typography)
                                            classes={
                                              Object {
                                                "alignCenter": "MuiTypography-alignCenter",
                                                "alignJustify": "MuiTypography-alignJustify",
                                                "alignLeft": "MuiTypography-alignLeft",
                                                "alignRight": "MuiTypography-alignRight",
                                                "body1": "MuiTypography-body1",
                                                "body2": "MuiTypography-body2",
                                                "button": "MuiTypography-button",
                                                "caption": "MuiTypography-caption",
                                                "colorError": "MuiTypography-colorError",
                                                "colorInherit": "MuiTypography-colorInherit",
                                                "colorPrimary": "MuiTypography-colorPrimary",
                                                "colorSecondary": "MuiTypography-colorSecondary",
                                                "colorTextPrimary": "MuiTypography-colorTextPrimary",
                                                "colorTextSecondary": "MuiTypography-colorTextSecondary",
                                                "displayBlock": "MuiTypography-displayBlock",
                                                "displayInline": "MuiTypography-displayInline",
                                                "gutterBottom": "MuiTypography-gutterBottom",
                                                "h1": "MuiTypography-h1",
                                                "h2": "MuiTypography-h2",
                                                "h3": "MuiTypography-h3",
                                                "h4": "MuiTypography-h4",
                                                "h5": "MuiTypography-h5",
                                                "h6": "MuiTypography-h6",
                                                "noWrap": "MuiTypography-noWrap",
                                                "overline": "MuiTypography-overline",
                                                "paragraph": "MuiTypography-paragraph",
                                                "root": "MuiTypography-root",
                                                "srOnly": "MuiTypography-srOnly",
                                                "subtitle1": "MuiTypography-subtitle1",
                                                "subtitle2": "MuiTypography-subtitle2",
                                              }
                                            }
                                            color="textSecondary"
                                            component="p"
                                            variant="body2"
                                          >
                                            <p
                                              className="MuiTypography-root MuiTypography-body2 MuiTypography-colorTextSecondary"
                                            >
                                              Lorem Ipsum is simply dummy text of the printing and typesetting industry.
                                            </p>
                                          </ForwardRef(Typography)>
                                        </WithStyles(ForwardRef(Typography))>
                                      </div>
                                    </ForwardRef(CardContent)>
                                  </WithStyles(ForwardRef(CardContent))>
                                  <span
                                    className="MuiCardActionArea-focusHighlight"
                                  />
                                  <NoSsr>
                                    <WithStyles(undefined)
                                      center={false}
                                    >
                                      <ForwardRef(TouchRipple)
                                        center={false}
                                        classes={
                                          Object {
                                            "child": "MuiTouchRipple-child",
                                            "childLeaving": "MuiTouchRipple-childLeaving",
                                            "childPulsate": "MuiTouchRipple-childPulsate",
                                            "ripple": "MuiTouchRipple-ripple",
                                            "ripplePulsate": "MuiTouchRipple-ripplePulsate",
                                            "rippleVisible": "MuiTouchRipple-rippleVisible",
                                            "root": "MuiTouchRipple-root",
                                          }
                                        }
                                      >
                                        <span
                                          className="MuiTouchRipple-root"
                                        >
                                          <TransitionGroup
                                            childFactory={[Function]}
                                            component={null}
                                            exit={true}
                                          />
                                        </span>
                                      </ForwardRef(TouchRipple)>
                                    </WithStyles(undefined)>
                                  </NoSsr>
                                </button>
                              </ForwardRef(ButtonBase)>
                            </WithStyles(ForwardRef(ButtonBase))>
                          </ForwardRef(CardActionArea)>
                        </WithStyles(ForwardRef(CardActionArea))>
                      </a>
                    </Link>
                    <div
                      className="card_footer"
                    >
                      <WithStyles(ForwardRef(Typography))
                        component="h3"
                        gutterBottom={true}
                        variant="h5"
                      >
                        <ForwardRef(Typography)
                          classes={
                            Object {
                              "alignCenter": "MuiTypography-alignCenter",
                              "alignJustify": "MuiTypography-alignJustify",
                              "alignLeft": "MuiTypography-alignLeft",
                              "alignRight": "MuiTypography-alignRight",
                              "body1": "MuiTypography-body1",
                              "body2": "MuiTypography-body2",
                              "button": "MuiTypography-button",
                              "caption": "MuiTypography-caption",
                              "colorError": "MuiTypography-colorError",
                              "colorInherit": "MuiTypography-colorInherit",
                              "colorPrimary": "MuiTypography-colorPrimary",
                              "colorSecondary": "MuiTypography-colorSecondary",
                              "colorTextPrimary": "MuiTypography-colorTextPrimary",
                              "colorTextSecondary": "MuiTypography-colorTextSecondary",
                              "displayBlock": "MuiTypography-displayBlock",
                              "displayInline": "MuiTypography-displayInline",
                              "gutterBottom": "MuiTypography-gutterBottom",
                              "h1": "MuiTypography-h1",
                              "h2": "MuiTypography-h2",
                              "h3": "MuiTypography-h3",
                              "h4": "MuiTypography-h4",
                              "h5": "MuiTypography-h5",
                              "h6": "MuiTypography-h6",
                              "noWrap": "MuiTypography-noWrap",
                              "overline": "MuiTypography-overline",
                              "paragraph": "MuiTypography-paragraph",
                              "root": "MuiTypography-root",
                              "srOnly": "MuiTypography-srOnly",
                              "subtitle1": "MuiTypography-subtitle1",
                              "subtitle2": "MuiTypography-subtitle2",
                            }
                          }
                          component="h3"
                          gutterBottom={true}
                          variant="h5"
                        >
                          <h3
                            className="MuiTypography-root MuiTypography-h5 MuiTypography-gutterBottom"
                          >
                            $99.99
                          </h3>
                        </ForwardRef(Typography)>
                      </WithStyles(ForwardRef(Typography))>
                      <WithStyles(ForwardRef(Typography))
                        component="p"
                        gutterBottom={true}
                      >
                        <ForwardRef(Typography)
                          classes={
                            Object {
                              "alignCenter": "MuiTypography-alignCenter",
                              "alignJustify": "MuiTypography-alignJustify",
                              "alignLeft": "MuiTypography-alignLeft",
                              "alignRight": "MuiTypography-alignRight",
                              "body1": "MuiTypography-body1",
                              "body2": "MuiTypography-body2",
                              "button": "MuiTypography-button",
                              "caption": "MuiTypography-caption",
                              "colorError": "MuiTypography-colorError",
                              "colorInherit": "MuiTypography-colorInherit",
                              "colorPrimary": "MuiTypography-colorPrimary",
                              "colorSecondary": "MuiTypography-colorSecondary",
                              "colorTextPrimary": "MuiTypography-colorTextPrimary",
                              "colorTextSecondary": "MuiTypography-colorTextSecondary",
                              "displayBlock": "MuiTypography-displayBlock",
                              "displayInline": "MuiTypography-displayInline",
                              "gutterBottom": "MuiTypography-gutterBottom",
                              "h1": "MuiTypography-h1",
                              "h2": "MuiTypography-h2",
                              "h3": "MuiTypography-h3",
                              "h4": "MuiTypography-h4",
                              "h5": "MuiTypography-h5",
                              "h6": "MuiTypography-h6",
                              "noWrap": "MuiTypography-noWrap",
                              "overline": "MuiTypography-overline",
                              "paragraph": "MuiTypography-paragraph",
                              "root": "MuiTypography-root",
                              "srOnly": "MuiTypography-srOnly",
                              "subtitle1": "MuiTypography-subtitle1",
                              "subtitle2": "MuiTypography-subtitle2",
                            }
                          }
                          component="p"
                          gutterBottom={true}
                        >
                          <p
                            className="MuiTypography-root MuiTypography-body1 MuiTypography-gutterBottom"
                          >
                            Date: 
                            2020-04-20
                          </p>
                        </ForwardRef(Typography)>
                      </WithStyles(ForwardRef(Typography))>
                    </div>
                  </div>
                </ForwardRef(Paper)>
              </WithStyles(ForwardRef(Paper))>
            </ForwardRef(Card)>
          </WithStyles(ForwardRef(Card))>
        </ProductCard>
      </Route>
    </Switch>
  </Router>
</BrowserRouter>
`;

exports[`Card component component renders correctly 1`] = `
<BrowserRouter>
  <Router
    history={
      Object {
        "action": "POP",
        "block": [Function],
        "createHref": [Function],
        "go": [Function],
        "goBack": [Function],
        "goForward": [Function],
        "length": 1,
        "listen": [Function],
        "location": Object {
          "hash": "",
          "pathname": "/",
          "search": "",
          "state": undefined,
        },
        "push": [Function],
        "replace": [Function],
      }
    }
  >
    <Switch>
      <Route
        computedMatch={
          Object {
            "isExact": true,
            "params": Object {},
            "path": "/",
            "url": "/",
          }
        }
        location={
          Object {
            "hash": "",
            "pathname": "/",
            "search": "",
            "state": undefined,
          }
        }
      >
        <ProductCard
          date="2020-04-20"
          desc="Lorem Ipsum is simply dummy text of the printing and typesetting industry."
          id="1"
          price={99.99}
          title="Card Title"
        >
          <WithStyles(ForwardRef(Card))
            className="card"
          >
            <ForwardRef(Card)
              className="card"
              classes={
                Object {
                  "root": "MuiCard-root",
                }
              }
            >
              <WithStyles(ForwardRef(Paper))
                className="MuiCard-root card"
                elevation={1}
              >
                <ForwardRef(Paper)
                  className="MuiCard-root card"
                  classes={
                    Object {
                      "elevation0": "MuiPaper-elevation0",
                      "elevation1": "MuiPaper-elevation1",
                      "elevation10": "MuiPaper-elevation10",
                      "elevation11": "MuiPaper-elevation11",
                      "elevation12": "MuiPaper-elevation12",
                      "elevation13": "MuiPaper-elevation13",
                      "elevation14": "MuiPaper-elevation14",
                      "elevation15": "MuiPaper-elevation15",
                      "elevation16": "MuiPaper-elevation16",
                      "elevation17": "MuiPaper-elevation17",
                      "elevation18": "MuiPaper-elevation18",
                      "elevation19": "MuiPaper-elevation19",
                      "elevation2": "MuiPaper-elevation2",
                      "elevation20": "MuiPaper-elevation20",
                      "elevation21": "MuiPaper-elevation21",
                      "elevation22": "MuiPaper-elevation22",
                      "elevation23": "MuiPaper-elevation23",
                      "elevation24": "MuiPaper-elevation24",
                      "elevation3": "MuiPaper-elevation3",
                      "elevation4": "MuiPaper-elevation4",
                      "elevation5": "MuiPaper-elevation5",
                      "elevation6": "MuiPaper-elevation6",
                      "elevation7": "MuiPaper-elevation7",
                      "elevation8": "MuiPaper-elevation8",
                      "elevation9": "MuiPaper-elevation9",
                      "outlined": "MuiPaper-outlined",
                      "root": "MuiPaper-root",
                      "rounded": "MuiPaper-rounded",
                    }
                  }
                  elevation={1}
                >
                  <div
                    className="MuiPaper-root MuiCard-root card MuiPaper-elevation1 MuiPaper-rounded"
                  >
                    <div
                      className="card_link"
                    >
                      <Link
                        replace={false}
                        to="/details?id=1&mode=edit"
                      >
                        <a
                          href="/details?id=1&mode=edit"
                          onClick={[Function]}
                        >
                          Edit
                        </a>
                      </Link>
                    </div>
                    <Link
                      replace={false}
                      to="/details?id=1"
                    >
                      <a
                        href="/details?id=1"
                        onClick={[Function]}
                      >
                        <WithStyles(ForwardRef(CardActionArea))>
                          <ForwardRef(CardActionArea)
                            classes={
                              Object {
                                "focusHighlight": "MuiCardActionArea-focusHighlight",
                                "focusVisible": "Mui-focusVisible",
                                "root": "MuiCardActionArea-root",
                              }
                            }
                          >
                            <WithStyles(ForwardRef(ButtonBase))
                              className="MuiCardActionArea-root"
                              focusVisibleClassName="Mui-focusVisible"
                            >
                              <ForwardRef(ButtonBase)
                                className="MuiCardActionArea-root"
                                classes={
                                  Object {
                                    "disabled": "Mui-disabled",
                                    "focusVisible": "Mui-focusVisible",
                                    "root": "MuiButtonBase-root",
                                  }
                                }
                                focusVisibleClassName="Mui-focusVisible"
                              >
                                <button
                                  className="MuiButtonBase-root MuiCardActionArea-root"
                                  disabled={false}
                                  onBlur={[Function]}
                                  onDragLeave={[Function]}
                                  onFocus={[Function]}
                                  onKeyDown={[Function]}
                                  onKeyUp={[Function]}
                                  onMouseDown={[Function]}
                                  onMouseLeave={[Function]}
                                  onMouseUp={[Function]}
                                  onTouchEnd={[Function]}
                                  onTouchMove={[Function]}
                                  onTouchStart={[Function]}
                                  tabIndex={0}
                                  type="button"
                                >
                                  <WithStyles(ForwardRef(CardContent))>
                                    <ForwardRef(CardContent)
                                      classes={
                                        Object {
                                          "root": "MuiCardContent-root",
                                        }
                                      }
                                    >
                                      <div
                                        className="MuiCardContent-root"
                                      >
                                        <WithStyles(ForwardRef(Typography))
                                          component="h2"
                                          gutterBottom={true}
                                          variant="h4"
                                        >
                                          <ForwardRef(Typography)
                                            classes={
                                              Object {
                                                "alignCenter": "MuiTypography-alignCenter",
                                                "alignJustify": "MuiTypography-alignJustify",
                                                "alignLeft": "MuiTypography-alignLeft",
                                                "alignRight": "MuiTypography-alignRight",
                                                "body1": "MuiTypography-body1",
                                                "body2": "MuiTypography-body2",
                                                "button": "MuiTypography-button",
                                                "caption": "MuiTypography-caption",
                                                "colorError": "MuiTypography-colorError",
                                                "colorInherit": "MuiTypography-colorInherit",
                                                "colorPrimary": "MuiTypography-colorPrimary",
                                                "colorSecondary": "MuiTypography-colorSecondary",
                                                "colorTextPrimary": "MuiTypography-colorTextPrimary",
                                                "colorTextSecondary": "MuiTypography-colorTextSecondary",
                                                "displayBlock": "MuiTypography-displayBlock",
                                                "displayInline": "MuiTypography-displayInline",
                                                "gutterBottom": "MuiTypography-gutterBottom",
                                                "h1": "MuiTypography-h1",
                                                "h2": "MuiTypography-h2",
                                                "h3": "MuiTypography-h3",
                                                "h4": "MuiTypography-h4",
                                                "h5": "MuiTypography-h5",
                                                "h6": "MuiTypography-h6",
                                                "noWrap": "MuiTypography-noWrap",
                                                "overline": "MuiTypography-overline",
                                                "paragraph": "MuiTypography-paragraph",
                                                "root": "MuiTypography-root",
                                                "srOnly": "MuiTypography-srOnly",
                                                "subtitle1": "MuiTypography-subtitle1",
                                                "subtitle2": "MuiTypography-subtitle2",
                                              }
                                            }
                                            component="h2"
                                            gutterBottom={true}
                                            variant="h4"
                                          >
                                            <h2
                                              className="MuiTypography-root MuiTypography-h4 MuiTypography-gutterBottom"
                                            >
                                              Card Title
                                            </h2>
                                          </ForwardRef(Typography)>
                                        </WithStyles(ForwardRef(Typography))>
                                        <WithStyles(ForwardRef(Typography))
                                          color="textSecondary"
                                          component="p"
                                          variant="body2"
                                        >
                                          <ForwardRef(Typography)
                                            classes={
                                              Object {
                                                "alignCenter": "MuiTypography-alignCenter",
                                                "alignJustify": "MuiTypography-alignJustify",
                                                "alignLeft": "MuiTypography-alignLeft",
                                                "alignRight": "MuiTypography-alignRight",
                                                "body1": "MuiTypography-body1",
                                                "body2": "MuiTypography-body2",
                                                "button": "MuiTypography-button",
                                                "caption": "MuiTypography-caption",
                                                "colorError": "MuiTypography-colorError",
                                                "colorInherit": "MuiTypography-colorInherit",
                                                "colorPrimary": "MuiTypography-colorPrimary",
                                                "colorSecondary": "MuiTypography-colorSecondary",
                                                "colorTextPrimary": "MuiTypography-colorTextPrimary",
                                                "colorTextSecondary": "MuiTypography-colorTextSecondary",
                                                "displayBlock": "MuiTypography-displayBlock",
                                                "displayInline": "MuiTypography-displayInline",
                                                "gutterBottom": "MuiTypography-gutterBottom",
                                                "h1": "MuiTypography-h1",
                                                "h2": "MuiTypography-h2",
                                                "h3": "MuiTypography-h3",
                                                "h4": "MuiTypography-h4",
                                                "h5": "MuiTypography-h5",
                                                "h6": "MuiTypography-h6",
                                                "noWrap": "MuiTypography-noWrap",
                                                "overline": "MuiTypography-overline",
                                                "paragraph": "MuiTypography-paragraph",
                                                "root": "MuiTypography-root",
                                                "srOnly": "MuiTypography-srOnly",
                                                "subtitle1": "MuiTypography-subtitle1",
                                                "subtitle2": "MuiTypography-subtitle2",
                                              }
                                            }
                                            color="textSecondary"
                                            component="p"
                                            variant="body2"
                                          >
                                            <p
                                              className="MuiTypography-root MuiTypography-body2 MuiTypography-colorTextSecondary"
                                            >
                                              Lorem Ipsum is simply dummy text of the printing and typesetting industry.
                                            </p>
                                          </ForwardRef(Typography)>
                                        </WithStyles(ForwardRef(Typography))>
                                      </div>
                                    </ForwardRef(CardContent)>
                                  </WithStyles(ForwardRef(CardContent))>
                                  <span
                                    className="MuiCardActionArea-focusHighlight"
                                  />
                                  <NoSsr>
                                    <WithStyles(undefined)
                                      center={false}
                                    >
                                      <ForwardRef(TouchRipple)
                                        center={false}
                                        classes={
                                          Object {
                                            "child": "MuiTouchRipple-child",
                                            "childLeaving": "MuiTouchRipple-childLeaving",
                                            "childPulsate": "MuiTouchRipple-childPulsate",
                                            "ripple": "MuiTouchRipple-ripple",
                                            "ripplePulsate": "MuiTouchRipple-ripplePulsate",
                                            "rippleVisible": "MuiTouchRipple-rippleVisible",
                                            "root": "MuiTouchRipple-root",
                                          }
                                        }
                                      >
                                        <span
                                          className="MuiTouchRipple-root"
                                        >
                                          <TransitionGroup
                                            childFactory={[Function]}
                                            component={null}
                                            exit={true}
                                          />
                                        </span>
                                      </ForwardRef(TouchRipple)>
                                    </WithStyles(undefined)>
                                  </NoSsr>
                                </button>
                              </ForwardRef(ButtonBase)>
                            </WithStyles(ForwardRef(ButtonBase))>
                          </ForwardRef(CardActionArea)>
                        </WithStyles(ForwardRef(CardActionArea))>
                      </a>
                    </Link>
                    <div
                      className="card_footer"
                    >
                      <WithStyles(ForwardRef(Typography))
                        component="h3"
                        gutterBottom={true}
                        variant="h5"
                      >
                        <ForwardRef(Typography)
                          classes={
                            Object {
                              "alignCenter": "MuiTypography-alignCenter",
                              "alignJustify": "MuiTypography-alignJustify",
                              "alignLeft": "MuiTypography-alignLeft",
                              "alignRight": "MuiTypography-alignRight",
                              "body1": "MuiTypography-body1",
                              "body2": "MuiTypography-body2",
                              "button": "MuiTypography-button",
                              "caption": "MuiTypography-caption",
                              "colorError": "MuiTypography-colorError",
                              "colorInherit": "MuiTypography-colorInherit",
                              "colorPrimary": "MuiTypography-colorPrimary",
                              "colorSecondary": "MuiTypography-colorSecondary",
                              "colorTextPrimary": "MuiTypography-colorTextPrimary",
                              "colorTextSecondary": "MuiTypography-colorTextSecondary",
                              "displayBlock": "MuiTypography-displayBlock",
                              "displayInline": "MuiTypography-displayInline",
                              "gutterBottom": "MuiTypography-gutterBottom",
                              "h1": "MuiTypography-h1",
                              "h2": "MuiTypography-h2",
                              "h3": "MuiTypography-h3",
                              "h4": "MuiTypography-h4",
                              "h5": "MuiTypography-h5",
                              "h6": "MuiTypography-h6",
                              "noWrap": "MuiTypography-noWrap",
                              "overline": "MuiTypography-overline",
                              "paragraph": "MuiTypography-paragraph",
                              "root": "MuiTypography-root",
                              "srOnly": "MuiTypography-srOnly",
                              "subtitle1": "MuiTypography-subtitle1",
                              "subtitle2": "MuiTypography-subtitle2",
                            }
                          }
                          component="h3"
                          gutterBottom={true}
                          variant="h5"
                        >
                          <h3
                            className="MuiTypography-root MuiTypography-h5 MuiTypography-gutterBottom"
                          >
                            $99.99
                          </h3>
                        </ForwardRef(Typography)>
                      </WithStyles(ForwardRef(Typography))>
                      <WithStyles(ForwardRef(Typography))
                        component="p"
                        gutterBottom={true}
                      >
                        <ForwardRef(Typography)
                          classes={
                            Object {
                              "alignCenter": "MuiTypography-alignCenter",
                              "alignJustify": "MuiTypography-alignJustify",
                              "alignLeft": "MuiTypography-alignLeft",
                              "alignRight": "MuiTypography-alignRight",
                              "body1": "MuiTypography-body1",
                              "body2": "MuiTypography-body2",
                              "button": "MuiTypography-button",
                              "caption": "MuiTypography-caption",
                              "colorError": "MuiTypography-colorError",
                              "colorInherit": "MuiTypography-colorInherit",
                              "colorPrimary": "MuiTypography-colorPrimary",
                              "colorSecondary": "MuiTypography-colorSecondary",
                              "colorTextPrimary": "MuiTypography-colorTextPrimary",
                              "colorTextSecondary": "MuiTypography-colorTextSecondary",
                              "displayBlock": "MuiTypography-displayBlock",
                              "displayInline": "MuiTypography-displayInline",
                              "gutterBottom": "MuiTypography-gutterBottom",
                              "h1": "MuiTypography-h1",
                              "h2": "MuiTypography-h2",
                              "h3": "MuiTypography-h3",
                              "h4": "MuiTypography-h4",
                              "h5": "MuiTypography-h5",
                              "h6": "MuiTypography-h6",
                              "noWrap": "MuiTypography-noWrap",
                              "overline": "MuiTypography-overline",
                              "paragraph": "MuiTypography-paragraph",
                              "root": "MuiTypography-root",
                              "srOnly": "MuiTypography-srOnly",
                              "subtitle1": "MuiTypography-subtitle1",
                              "subtitle2": "MuiTypography-subtitle2",
                            }
                          }
                          component="p"
                          gutterBottom={true}
                        >
                          <p
                            className="MuiTypography-root MuiTypography-body1 MuiTypography-gutterBottom"
                          >
                            Date: 
                            2020-04-20
                          </p>
                        </ForwardRef(Typography)>
                      </WithStyles(ForwardRef(Typography))>
                    </div>
                  </div>
                </ForwardRef(Paper)>
              </WithStyles(ForwardRef(Paper))>
            </ForwardRef(Card)>
          </WithStyles(ForwardRef(Card))>
        </ProductCard>
      </Route>
    </Switch>
  </Router>
</BrowserRouter>
`;
